On branch main

No commits yet

Untracked files:
1	[31mfile_0001[m
2	[31mfile_0002[m
3	[31mfile_0003[m

nothing added to commit but untracked files present
