On branch main

No commits yet

Changes to be committed:
1	[32mnew file:   file_1[m
2	[32mnew file:   file_4[m
3	[32mnew file:   file_5[m
4	[32mnew file:   file_6[m

Untracked files:
5	[31mfile_2[m
6	[31mfile_3[m
7	[31mfile_7[m

