__content2__
__content3__
__content4__
__content5__
