On branch main

No commits yet

Changes to be committed:
1	[32mnew file:   file_1[m

Untracked files:
2	[31mfile_2[m
3	[31mfile_3[m

