On branch main

No commits yet

Changes to be committed:
1	[32mnew file:   file_0025[m
2	[32mnew file:   file_0026[m
3	[32mnew file:   file_0027[m
4	[32mnew file:   file_0028[m
5	[32mnew file:   file_0029[m
6	[32mnew file:   file_0030[m
7	[32mnew file:   file_0031[m
8	[32mnew file:   file_0032[m
9	[32mnew file:   file_0033[m
10	[32mnew file:   file_0034[m
11	[32mnew file:   file_0035[m
12	[32mnew file:   file_0036[m
13	[32mnew file:   file_0037[m
14	[32mnew file:   file_0038[m
15	[32mnew file:   file_0039[m
16	[32mnew file:   file_0040[m
17	[32mnew file:   file_0041[m
18	[32mnew file:   file_0042[m
19	[32mnew file:   file_0043[m
20	[32mnew file:   file_0044[m
21	[32mnew file:   file_0045[m
22	[32mnew file:   file_0046[m
23	[32mnew file:   file_0047[m
24	[32mnew file:   file_0048[m
25	[32mnew file:   file_0049[m
26	[32mnew file:   file_0050[m

Untracked files:
27	[31mfile_0001[m
28	[31mfile_0002[m
29	[31mfile_0003[m
30	[31mfile_0004[m
31	[31mfile_0005[m
32	[31mfile_0006[m
33	[31mfile_0007[m
34	[31mfile_0008[m
35	[31mfile_0009[m
36	[31mfile_0010[m
37	[31mfile_0011[m
38	[31mfile_0012[m
39	[31mfile_0013[m
40	[31mfile_0014[m
41	[31mfile_0015[m
42	[31mfile_0016[m
43	[31mfile_0017[m
44	[31mfile_0018[m
45	[31mfile_0019[m
46	[31mfile_0020[m
47	[31mfile_0021[m
48	[31mfile_0022[m
49	[31mfile_0023[m
50	[31mfile_0024[m

... 50 hidden items (gitnu)
