1  A  file_0001
2  A  file_0002
3  ?? file_0003
4  ?? file_0004
5  ?? file_1
