content__of__016
content__of__017
content__of__018
content__of__019
content__of__020
