On branch main
Changes not staged for commit:
1	[31mmodified:   gold[m

Untracked files:
2	[31mfile_0001[m
3	[31mfile_0002[m

no changes added to commit
