On branch main

No commits yet

Changes to be committed:
1	[32mnew file:   file_0001[m
2	[32mnew file:   file_0004[m
3	[32mnew file:   file_0005[m
4	[32mnew file:   file_0006[m

Untracked files:
5	[31mfile_0002[m
6	[31mfile_0003[m
7	[31mfile_0007[m

