On branch main

No commits yet

Changes to be committed:
1	[32mnew file:   file_0002[m
2	[32mnew file:   file_0003[m

Untracked files:
3	[31mfile_0001[m

