On branch main
Changes to be committed:
1	[32mnew file:   A[m
2	[32mmodified:   B[m
3	[32mdeleted:    C[m
4	[32mrenamed:    _D -> D[m
5	[32mtypechange: E[m

Changes not staged for commit:
6	[31mmodified:   G[m
7	[31mtypechange: H[m
8	[31mdeleted:    _I[m

Untracked files:
9	[31mF[m
10	[31mI[m

