On branch main
Changes to be committed:
1	[32mnew file:   file_0003[m
2	[32mnew file:   src/emerald[m
3	[32mnew file:   src/ruby[m

Untracked files:
4	[31mfile_0001[m
5	[31mfile_0002[m
6	[31msrc/sapphire[m

