On branch RIGHT
You have unmerged paths.

Changes to be committed:
1	[32mnew file:   fileA[m
2	[32mnew file:   fileB[m

Unmerged paths:
3	[31mboth added:      conflict_file[m

Untracked files:
4	[31mfileC[m

